    Finished `bench` profile [optimized] target(s) in 0.06s
     Running benches/references.rs (target/release/deps/references-ee3e5595c2fd5505)
Benchmarking references/read-packed-warm-10000
Benchmarking references/read-packed-warm-10000: Warming up for 1.0000 s
Benchmarking references/read-packed-warm-10000: Collecting 30 samples in estimated 2.9307 s (930 iterations)
Benchmarking references/read-packed-warm-10000: Analyzing
references/read-packed-warm-10000
                        time:   [3.1549 ms 3.1874 ms 3.2317 ms]
                        change: [−1.0246% −0.1907% +0.7007%] (p = 0.68 > 0.05)
                        No change in performance detected.
Found 8 outliers among 30 measurements (26.67%)
  1 (3.33%) low severe
  4 (13.33%) low mild
  2 (6.67%) high mild
  1 (3.33%) high severe

Benchmarking references/delete-shadowed-packed-10000
Benchmarking references/delete-shadowed-packed-10000: Warming up for 1.0000 s
Benchmarking references/delete-shadowed-packed-10000: Collecting 30 samples in estimated 3.9055 s (930 iterations)
Benchmarking references/delete-shadowed-packed-10000: Analyzing
references/delete-shadowed-packed-10000
                        time:   [4.0165 ms 4.0492 ms 4.0982 ms]
                        change: [−20.049% −11.712% −3.7031%] (p = 0.01 < 0.05)
                        Performance has improved.
Found 1 outliers among 30 measurements (3.33%)
  1 (3.33%) high severe

Benchmarking references/keep-same-batch-100-packed-10000
Benchmarking references/keep-same-batch-100-packed-10000: Warming up for 1.0000 s
Benchmarking references/keep-same-batch-100-packed-10000: Collecting 30 samples in estimated 2.4815 s (60 iterations)
Benchmarking references/keep-same-batch-100-packed-10000: Analyzing
references/keep-same-batch-100-packed-10000
                        time:   [39.120 ms 39.390 ms 39.674 ms]
                        change: [−15.139% −12.011% −8.6465%] (p = 0.00 < 0.05)
                        Performance has improved.
Found 2 outliers among 30 measurements (6.67%)
  1 (3.33%) low mild
  1 (3.33%) high mild

