   Compiling girt v0.1.0 (/Users/joshka/local/girt)
    Finished `bench` profile [optimized] target(s) in 5.13s
     Running benches/index.rs (target/release/deps/index-e630200e0ce9b197)
Benchmarking index_v2/parse/10000
Benchmarking index_v2/parse/10000: Warming up for 1.0000 s
Benchmarking index_v2/parse/10000: Collecting 30 samples in estimated 2.1962 s (930 iterations)
Benchmarking index_v2/parse/10000: Analyzing
index_v2/parse/10000    time:   [2.3266 ms 2.3411 ms 2.3573 ms]
                        thrpt:  [356.03 MiB/s 358.49 MiB/s 360.72 MiB/s]
                 change:
                        time:   [+0.2843% +1.0435% +1.8552%] (p = 0.01 < 0.05)
                        thrpt:  [−1.8214% −1.0327% −0.2835%]
                        Change within noise threshold.
Benchmarking index_v2/encode/10000
Benchmarking index_v2/encode/10000: Warming up for 1.0000 s
Benchmarking index_v2/encode/10000: Collecting 30 samples in estimated 2.4145 s (2325 iterations)
Benchmarking index_v2/encode/10000: Analyzing
index_v2/encode/10000   time:   [1.0043 ms 1.0123 ms 1.0194 ms]
                        thrpt:  [823.33 MiB/s 829.09 MiB/s 835.63 MiB/s]
                 change:
                        time:   [−0.1604% +1.1567% +2.2006%] (p = 0.09 > 0.05)
                        thrpt:  [−2.1533% −1.1435% +0.1607%]
                        No change in performance detected.

Benchmarking index_v3/parse/10000
Benchmarking index_v3/parse/10000: Warming up for 1.0000 s
Benchmarking index_v3/parse/10000: Collecting 30 samples in estimated 2.1820 s (930 iterations)
Benchmarking index_v3/parse/10000: Analyzing
index_v3/parse/10000    time:   [2.3450 ms 2.3609 ms 2.3787 ms]
                        thrpt:  [352.83 MiB/s 355.49 MiB/s 357.90 MiB/s]
Found 1 outliers among 30 measurements (3.33%)
  1 (3.33%) high mild
Benchmarking index_v3/encode/10000
Benchmarking index_v3/encode/10000: Warming up for 1.0000 s
Benchmarking index_v3/encode/10000: Collecting 30 samples in estimated 2.3752 s (2325 iterations)
Benchmarking index_v3/encode/10000: Analyzing
index_v3/encode/10000   time:   [1.0160 ms 1.0629 ms 1.1465 ms]
                        thrpt:  [732.02 MiB/s 789.61 MiB/s 826.08 MiB/s]
Found 3 outliers among 30 measurements (10.00%)
  1 (3.33%) high mild
  2 (6.67%) high severe

Benchmarking index_v4/parse/10000
Benchmarking index_v4/parse/10000: Warming up for 1.0000 s
Benchmarking index_v4/parse/10000: Collecting 30 samples in estimated 2.9077 s (1395 iterations)
Benchmarking index_v4/parse/10000: Analyzing
index_v4/parse/10000    time:   [2.0807 ms 2.0988 ms 2.1237 ms]
                        thrpt:  [292.41 MiB/s 295.89 MiB/s 298.46 MiB/s]
Found 1 outliers among 30 measurements (3.33%)
  1 (3.33%) high severe
Benchmarking index_v4/encode/10000
Benchmarking index_v4/encode/10000: Warming up for 1.0000 s
Benchmarking index_v4/encode/10000: Collecting 30 samples in estimated 2.1821 s (2325 iterations)
Benchmarking index_v4/encode/10000: Analyzing
index_v4/encode/10000   time:   [933.23 µs 936.76 µs 940.35 µs]
                        thrpt:  [660.39 MiB/s 662.92 MiB/s 665.42 MiB/s]
Found 1 outliers among 30 measurements (3.33%)
  1 (3.33%) low mild

